=== RUN   TestPreloadHasMany
[JORM] 2026-01-15 09:49:31 SQL: [125.159µs] CREATE TABLE `preload_user` (`id` integer PRIMARY KEY AUTOINCREMENT, `name` text, `email` text, `age` integer, `created_at` datetime, `updated_at` datetime) | args: []
[JORM] 2026-01-15 09:49:31 SQL: [52.235µs] CREATE TABLE `preload_order` (`id` integer PRIMARY KEY AUTOINCREMENT, `user_id` integer, `amount` real, `status` text, `created_at` datetime, `updated_at` datetime) | args: []
[JORM] 2026-01-15 09:49:31 SQL: [48.158µs] CREATE TABLE `preload_product` (`id` integer PRIMARY KEY AUTOINCREMENT, `name` text, `price` real, `created_at` datetime, `updated_at` datetime) | args: []
[JORM] 2026-01-15 09:49:31 SQL: [45.628µs] CREATE TABLE `preload_profile` (`id` integer PRIMARY KEY AUTOINCREMENT, `user_id` integer, `bio` text, `created_at` datetime, `updated_at` datetime) | args: []
[JORM] 2026-01-15 09:49:31 SQL: [42.83µs] CREATE TABLE `preload_role` (`id` integer PRIMARY KEY AUTOINCREMENT, `name` text, `created_at` datetime, `updated_at` datetime) | args: []
[JORM] 2026-01-15 09:49:31 SQL: [39.98µs] CREATE TABLE `preload_user_role` (`user_id` integer, `role_id` integer) | args: []
[JORM] 2026-01-15 09:49:31 SQL: [39.323µs] CREATE TABLE `preload_order_product` (`order_id` integer, `product_id` integer) | args: []
[JORM] 2026-01-15 09:49:31 SQL: [28.438µs] INSERT INTO `preload_user` (name, email, age, created_at, updated_at) VALUES (?, ?, ?, ?, ?) | args: [Alice alice@example.com 25 2026-01-15 09:49:31.743252 +0800 CST m=+0.001582788 2026-01-15 09:49:31.743252 +0800 CST m=+0.001582788]
[JORM] 2026-01-15 09:49:31 SQL: [16.036µs] INSERT INTO `preload_order` (user_id, amount, status, created_at, updated_at) VALUES (?, ?, ?, ?, ?) | args: [1 100 completed 2026-01-15 09:49:31.743305 +0800 CST m=+0.001634909 2026-01-15 09:49:31.743305 +0800 CST m=+0.001634909]
[JORM] 2026-01-15 09:49:31 SQL: [14.362µs] INSERT INTO `preload_order` (user_id, amount, status, created_at, updated_at) VALUES (?, ?, ?, ?, ?) | args: [1 200 completed 2026-01-15 09:49:31.743337 +0800 CST m=+0.001667392 2026-01-15 09:49:31.743337 +0800 CST m=+0.001667392]
[JORM] 2026-01-15 09:49:31 SQL: [12.672µs] INSERT INTO `preload_order` (user_id, amount, status, created_at, updated_at) VALUES (?, ?, ?, ?, ?) | args: [1 300 completed 2026-01-15 09:49:31.74336 +0800 CST m=+0.001690215 2026-01-15 09:49:31.74336 +0800 CST m=+0.001690215]
[JORM] 2026-01-15 09:49:31 SQL: [9.03µs] SELECT * FROM `preload_user` | args: []
    preload_test.go:133: User found: {ID:1 Name:Alice Email:alice@example.com Age:25 CreatedAt:2026-01-15 09:49:31.743252 +0800 +0800 UpdatedAt:2026-01-15 09:49:31.743252 +0800 +0800 Orders:[{ID:1 UserID:1 Amount:100 Status:completed CreatedAt:2026-01-15 09:49:31.743305 +0800 +0800 UpdatedAt:2026-01-15 09:49:31.743305 +0800 +0800 User:<nil> Products:[]} {ID:2 UserID:1 Amount:200 Status:completed CreatedAt:2026-01-15 09:49:31.743337 +0800 +0800 UpdatedAt:2026-01-15 09:49:31.743337 +0800 +0800 User:<nil> Products:[]} {ID:3 UserID:1 Amount:300 Status:completed CreatedAt:2026-01-15 09:49:31.74336 +0800 +0800 UpdatedAt:2026-01-15 09:49:31.74336 +0800 +0800 User:<nil> Products:[]}] Profile:<nil> Roles:[]}
    preload_test.go:134: User Orders field: [{ID:1 UserID:1 Amount:100 Status:completed CreatedAt:2026-01-15 09:49:31.743305 +0800 +0800 UpdatedAt:2026-01-15 09:49:31.743305 +0800 +0800 User:<nil> Products:[]} {ID:2 UserID:1 Amount:200 Status:completed CreatedAt:2026-01-15 09:49:31.743337 +0800 +0800 UpdatedAt:2026-01-15 09:49:31.743337 +0800 +0800 User:<nil> Products:[]} {ID:3 UserID:1 Amount:300 Status:completed CreatedAt:2026-01-15 09:49:31.74336 +0800 +0800 UpdatedAt:2026-01-15 09:49:31.74336 +0800 +0800 User:<nil> Products:[]}]
    preload_test.go:135: User Orders length: 3
[JORM] 2026-01-15 09:49:31 SQL: [8.826µs] DELETE FROM preload_order_products | args: []
[JORM] 2026-01-15 09:49:31 SQL: [4.859µs] DELETE FROM preload_user_roles | args: []
[JORM] 2026-01-15 09:49:31 SQL: [2.655µs] DELETE FROM preload_products | args: []
[JORM] 2026-01-15 09:49:31 SQL: [2.36µs] DELETE FROM preload_orders | args: []
[JORM] 2026-01-15 09:49:31 SQL: [2.365µs] DELETE FROM preload_profiles | args: []
[JORM] 2026-01-15 09:49:31 SQL: [2.872µs] DELETE FROM preload_roles | args: []
[JORM] 2026-01-15 09:49:31 SQL: [2.083µs] DELETE FROM preload_users | args: []
--- PASS: TestPreloadHasMany (0.00s)
=== RUN   TestPreloadBelongsTo
[JORM] 2026-01-15 09:49:31 SQL: [77.708µs] CREATE TABLE `preload_user` (`id` integer PRIMARY KEY AUTOINCREMENT, `name` text, `email` text, `age` integer, `created_at` datetime, `updated_at` datetime) | args: []
[JORM] 2026-01-15 09:49:31 SQL: [44.67µs] CREATE TABLE `preload_order` (`id` integer PRIMARY KEY AUTOINCREMENT, `user_id` integer, `amount` real, `status` text, `created_at` datetime, `updated_at` datetime) | args: []
[JORM] 2026-01-15 09:49:31 SQL: [40.236µs] CREATE TABLE `preload_product` (`id` integer PRIMARY KEY AUTOINCREMENT, `name` text, `price` real, `created_at` datetime, `updated_at` datetime) | args: []
[JORM] 2026-01-15 09:49:31 SQL: [38.866µs] CREATE TABLE `preload_profile` (`id` integer PRIMARY KEY AUTOINCREMENT, `user_id` integer, `bio` text, `created_at` datetime, `updated_at` datetime) | args: []
[JORM] 2026-01-15 09:49:31 SQL: [37.064µs] CREATE TABLE `preload_role` (`id` integer PRIMARY KEY AUTOINCREMENT, `name` text, `created_at` datetime, `updated_at` datetime) | args: []
[JORM] 2026-01-15 09:49:31 SQL: [34.413µs] CREATE TABLE `preload_user_role` (`user_id` integer, `role_id` integer) | args: []
[JORM] 2026-01-15 09:49:31 SQL: [35.862µs] CREATE TABLE `preload_order_product` (`order_id` integer, `product_id` integer) | args: []
[JORM] 2026-01-15 09:49:31 SQL: [17.59µs] INSERT INTO `preload_user` (name, email, age, created_at, updated_at) VALUES (?, ?, ?, ?, ?) | args: [Bob bob@example.com 30 2026-01-15 09:49:31.744234 +0800 CST m=+0.002564349 2026-01-15 09:49:31.744234 +0800 CST m=+0.002564349]
[JORM] 2026-01-15 09:49:31 SQL: [14.383µs] INSERT INTO `preload_order` (user_id, amount, status, created_at, updated_at) VALUES (?, ?, ?, ?, ?) | args: [1 200 pending 2026-01-15 09:49:31.74426 +0800 CST m=+0.002590849 2026-01-15 09:49:31.74426 +0800 CST m=+0.002590849]
[JORM] 2026-01-15 09:49:31 SQL: [8.367µs] SELECT * FROM `preload_order` | args: []
[JORM] 2026-01-15 09:49:31 SQL: [4.661µs] DELETE FROM preload_order_products | args: []
[JORM] 2026-01-15 09:49:31 SQL: [3.065µs] DELETE FROM preload_user_roles | args: []
[JORM] 2026-01-15 09:49:31 SQL: [2.416µs] DELETE FROM preload_products | args: []
[JORM] 2026-01-15 09:49:31 SQL: [2.168µs] DELETE FROM preload_orders | args: []
[JORM] 2026-01-15 09:49:31 SQL: [2.117µs] DELETE FROM preload_profiles | args: []
[JORM] 2026-01-15 09:49:31 SQL: [2.102µs] DELETE FROM preload_roles | args: []
[JORM] 2026-01-15 09:49:31 SQL: [2.027µs] DELETE FROM preload_users | args: []
--- PASS: TestPreloadBelongsTo (0.00s)
=== RUN   TestPreloadHasOne
[JORM] 2026-01-15 09:49:31 SQL: [115.732µs] CREATE TABLE `preload_user` (`id` integer PRIMARY KEY AUTOINCREMENT, `name` text, `email` text, `age` integer, `created_at` datetime, `updated_at` datetime) | args: []
[JORM] 2026-01-15 09:49:31 SQL: [56.501µs] CREATE TABLE `preload_order` (`id` integer PRIMARY KEY AUTOINCREMENT, `user_id` integer, `amount` real, `status` text, `created_at` datetime, `updated_at` datetime) | args: []
[JORM] 2026-01-15 09:49:31 SQL: [46.989µs] CREATE TABLE `preload_product` (`id` integer PRIMARY KEY AUTOINCREMENT, `name` text, `price` real, `created_at` datetime, `updated_at` datetime) | args: []
[JORM] 2026-01-15 09:49:31 SQL: [43.748µs] CREATE TABLE `preload_profile` (`id` integer PRIMARY KEY AUTOINCREMENT, `user_id` integer, `bio` text, `created_at` datetime, `updated_at` datetime) | args: []
[JORM] 2026-01-15 09:49:31 SQL: [41.372µs] CREATE TABLE `preload_role` (`id` integer PRIMARY KEY AUTOINCREMENT, `name` text, `created_at` datetime, `updated_at` datetime) | args: []
[JORM] 2026-01-15 09:49:31 SQL: [38.678µs] CREATE TABLE `preload_user_role` (`user_id` integer, `role_id` integer) | args: []
[JORM] 2026-01-15 09:49:31 SQL: [38.364µs] CREATE TABLE `preload_order_product` (`order_id` integer, `product_id` integer) | args: []
[JORM] 2026-01-15 09:49:31 SQL: [32.418µs] INSERT INTO `preload_user` (name, email, age, created_at, updated_at) VALUES (?, ?, ?, ?, ?) | args: [Charlie charlie@example.com 28 2026-01-15 09:49:31.745237 +0800 CST m=+0.003567264 2026-01-15 09:49:31.745237 +0800 CST m=+0.003567264]
[JORM] 2026-01-15 09:49:31 SQL: [15.254µs] INSERT INTO `preload_profile` (user_id, bio, created_at, updated_at) VALUES (?, ?, ?, ?) | args: [1 Software engineer 2026-01-15 09:49:31.74528 +0800 CST m=+0.003610404 2026-01-15 09:49:31.74528 +0800 CST m=+0.003610404]
[JORM] 2026-01-15 09:49:31 SQL: [8.614µs] SELECT * FROM `preload_user` | args: []
[JORM] 2026-01-15 09:49:31 SQL: [5.701µs] DELETE FROM preload_order_products | args: []
[JORM] 2026-01-15 09:49:31 SQL: [3.131µs] DELETE FROM preload_user_roles | args: []
[JORM] 2026-01-15 09:49:31 SQL: [2.497µs] DELETE FROM preload_products | args: []
[JORM] 2026-01-15 09:49:31 SQL: [2.476µs] DELETE FROM preload_orders | args: []
[JORM] 2026-01-15 09:49:31 SQL: [2.12µs] DELETE FROM preload_profiles | args: []
[JORM] 2026-01-15 09:49:31 SQL: [2.662µs] DELETE FROM preload_roles | args: []
[JORM] 2026-01-15 09:49:31 SQL: [2.186µs] DELETE FROM preload_users | args: []
--- PASS: TestPreloadHasOne (0.00s)
=== RUN   TestPreloadManyToMany
[JORM] 2026-01-15 09:49:31 SQL: [73.989µs] CREATE TABLE `preload_user` (`id` integer PRIMARY KEY AUTOINCREMENT, `name` text, `email` text, `age` integer, `created_at` datetime, `updated_at` datetime) | args: []
[JORM] 2026-01-15 09:49:31 SQL: [46.459µs] CREATE TABLE `preload_order` (`id` integer PRIMARY KEY AUTOINCREMENT, `user_id` integer, `amount` real, `status` text, `created_at` datetime, `updated_at` datetime) | args: []
[JORM] 2026-01-15 09:49:31 SQL: [43.142µs] CREATE TABLE `preload_product` (`id` integer PRIMARY KEY AUTOINCREMENT, `name` text, `price` real, `created_at` datetime, `updated_at` datetime) | args: []
[JORM] 2026-01-15 09:49:31 SQL: [45.278µs] CREATE TABLE `preload_profile` (`id` integer PRIMARY KEY AUTOINCREMENT, `user_id` integer, `bio` text, `created_at` datetime, `updated_at` datetime) | args: []
[JORM] 2026-01-15 09:49:31 SQL: [40.854µs] CREATE TABLE `preload_role` (`id` integer PRIMARY KEY AUTOINCREMENT, `name` text, `created_at` datetime, `updated_at` datetime) | args: []
[JORM] 2026-01-15 09:49:31 SQL: [37.797µs] CREATE TABLE `preload_user_role` (`user_id` integer, `role_id` integer) | args: []
[JORM] 2026-01-15 09:49:31 SQL: [37.661µs] CREATE TABLE `preload_order_product` (`order_id` integer, `product_id` integer) | args: []
[JORM] 2026-01-15 09:49:31 SQL: [21.916µs] INSERT INTO `preload_user` (name, email, age, created_at, updated_at) VALUES (?, ?, ?, ?, ?) | args: [David david@example.com 35 2026-01-15 09:49:31.746035 +0800 CST m=+0.004365366 2026-01-15 09:49:31.746035 +0800 CST m=+0.004365366]
[JORM] 2026-01-15 09:49:31 SQL: [21.996µs] INSERT INTO `preload_role` (name, created_at, updated_at) VALUES (?, ?, ?) | args: [admin 2026-01-15 09:49:31.746075 +0800 CST m=+0.004405633 2026-01-15 09:49:31.746075 +0800 CST m=+0.004405633]
[JORM] 2026-01-15 09:49:31 SQL: [10.068µs] INSERT INTO `preload_user_role` (user_id, role_id) VALUES (?, ?) | args: [1 1]
[JORM] 2026-01-15 09:49:31 SQL: [14.969µs] INSERT INTO `preload_role` (name, created_at, updated_at) VALUES (?, ?, ?) | args: [editor 2026-01-15 09:49:31.746125 +0800 CST m=+0.004455230 2026-01-15 09:49:31.746125 +0800 CST m=+0.004455230]
[JORM] 2026-01-15 09:49:31 SQL: [8.65µs] INSERT INTO `preload_user_role` (user_id, role_id) VALUES (?, ?) | args: [1 2]
[JORM] 2026-01-15 09:49:31 SQL: [11.485µs] INSERT INTO `preload_role` (name, created_at, updated_at) VALUES (?, ?, ?) | args: [viewer 2026-01-15 09:49:31.746163 +0800 CST m=+0.004493355 2026-01-15 09:49:31.746163 +0800 CST m=+0.004493355]
[JORM] 2026-01-15 09:49:31 SQL: [31.179µs] INSERT INTO `preload_user_role` (user_id, role_id) VALUES (?, ?) | args: [1 3]
[JORM] 2026-01-15 09:49:31 SQL: [16.723µs] SELECT * FROM `preload_user` | args: []
    preload_test.go:286: Failed to find users with preload: no such column: PreloadUser_id
[JORM] 2026-01-15 09:49:31 SQL: [5.163µs] DELETE FROM preload_order_products | args: []
[JORM] 2026-01-15 09:49:31 SQL: [2.915µs] DELETE FROM preload_user_roles | args: []
[JORM] 2026-01-15 09:49:31 SQL: [2.437µs] DELETE FROM preload_products | args: []
[JORM] 2026-01-15 09:49:31 SQL: [2.15µs] DELETE FROM preload_orders | args: []
[JORM] 2026-01-15 09:49:31 SQL: [2.142µs] DELETE FROM preload_profiles | args: []
[JORM] 2026-01-15 09:49:31 SQL: [2.14µs] DELETE FROM preload_roles | args: []
[JORM] 2026-01-15 09:49:31 SQL: [2.078µs] DELETE FROM preload_users | args: []
--- FAIL: TestPreloadManyToMany (0.00s)
=== RUN   TestPreloadNested
[JORM] 2026-01-15 09:49:31 SQL: [85.708µs] CREATE TABLE `preload_user` (`id` integer PRIMARY KEY AUTOINCREMENT, `name` text, `email` text, `age` integer, `created_at` datetime, `updated_at` datetime) | args: []
[JORM] 2026-01-15 09:49:31 SQL: [47.688µs] CREATE TABLE `preload_order` (`id` integer PRIMARY KEY AUTOINCREMENT, `user_id` integer, `amount` real, `status` text, `created_at` datetime, `updated_at` datetime) | args: []
[JORM] 2026-01-15 09:49:31 SQL: [45.918µs] CREATE TABLE `preload_product` (`id` integer PRIMARY KEY AUTOINCREMENT, `name` text, `price` real, `created_at` datetime, `updated_at` datetime) | args: []
[JORM] 2026-01-15 09:49:31 SQL: [44.144µs] CREATE TABLE `preload_profile` (`id` integer PRIMARY KEY AUTOINCREMENT, `user_id` integer, `bio` text, `created_at` datetime, `updated_at` datetime) | args: []
[JORM] 2026-01-15 09:49:31 SQL: [48.906µs] CREATE TABLE `preload_role` (`id` integer PRIMARY KEY AUTOINCREMENT, `name` text, `created_at` datetime, `updated_at` datetime) | args: []
[JORM] 2026-01-15 09:49:31 SQL: [38.578µs] CREATE TABLE `preload_user_role` (`user_id` integer, `role_id` integer) | args: []
[JORM] 2026-01-15 09:49:31 SQL: [37.902µs] CREATE TABLE `preload_order_product` (`order_id` integer, `product_id` integer) | args: []
[JORM] 2026-01-15 09:49:31 SQL: [20.211µs] INSERT INTO `preload_user` (name, email, age, created_at, updated_at) VALUES (?, ?, ?, ?, ?) | args: [Eve eve@example.com 27 2026-01-15 09:49:31.747002 +0800 CST m=+0.005332156 2026-01-15 09:49:31.747002 +0800 CST m=+0.005332156]
[JORM] 2026-01-15 09:49:31 SQL: [14.853µs] INSERT INTO `preload_order` (user_id, amount, status, created_at, updated_at) VALUES (?, ?, ?, ?, ?) | args: [1 150 pending 2026-01-15 09:49:31.747032 +0800 CST m=+0.005362081 2026-01-15 09:49:31.747032 +0800 CST m=+0.005362081]
[JORM] 2026-01-15 09:49:31 SQL: [12.911µs] INSERT INTO `preload_product` (name, price, created_at, updated_at) VALUES (?, ?, ?, ?) | args: [Product A 50 2026-01-15 09:49:31.747055 +0800 CST m=+0.005385499 2026-01-15 09:49:31.747055 +0800 CST m=+0.005385499]
[JORM] 2026-01-15 09:49:31 SQL: [8.896µs] INSERT INTO `preload_order_product` (order_id, product_id) VALUES (?, ?) | args: [1 1]
[JORM] 2026-01-15 09:49:31 SQL: [12.937µs] INSERT INTO `preload_product` (name, price, created_at, updated_at) VALUES (?, ?, ?, ?) | args: [Product B 100 2026-01-15 09:49:31.747091 +0800 CST m=+0.005421087 2026-01-15 09:49:31.747091 +0800 CST m=+0.005421087]
[JORM] 2026-01-15 09:49:31 SQL: [8.467µs] INSERT INTO `preload_order_product` (order_id, product_id) VALUES (?, ?) | args: [1 2]
[JORM] 2026-01-15 09:49:31 SQL: [8.512µs] SELECT * FROM `preload_user` | args: []
    preload_test.go:354: Failed to find users with nested preload: no such column: OrderID
[JORM] 2026-01-15 09:49:31 SQL: [4.914µs] DELETE FROM preload_order_products | args: []
[JORM] 2026-01-15 09:49:31 SQL: [2.694µs] DELETE FROM preload_user_roles | args: []
[JORM] 2026-01-15 09:49:31 SQL: [2.392µs] DELETE FROM preload_products | args: []
[JORM] 2026-01-15 09:49:31 SQL: [2.244µs] DELETE FROM preload_orders | args: []
[JORM] 2026-01-15 09:49:31 SQL: [2.078µs] DELETE FROM preload_profiles | args: []
[JORM] 2026-01-15 09:49:31 SQL: [2.096µs] DELETE FROM preload_roles | args: []
[JORM] 2026-01-15 09:49:31 SQL: [2.034µs] DELETE FROM preload_users | args: []
--- FAIL: TestPreloadNested (0.00s)
=== RUN   TestPreloadWithConditions
[JORM] 2026-01-15 09:49:31 SQL: [79.902µs] CREATE TABLE `preload_user` (`id` integer PRIMARY KEY AUTOINCREMENT, `name` text, `email` text, `age` integer, `created_at` datetime, `updated_at` datetime) | args: []
[JORM] 2026-01-15 09:49:31 SQL: [42.434µs] CREATE TABLE `preload_order` (`id` integer PRIMARY KEY AUTOINCREMENT, `user_id` integer, `amount` real, `status` text, `created_at` datetime, `updated_at` datetime) | args: []
[JORM] 2026-01-15 09:49:31 SQL: [40.191µs] CREATE TABLE `preload_product` (`id` integer PRIMARY KEY AUTOINCREMENT, `name` text, `price` real, `created_at` datetime, `updated_at` datetime) | args: []
[JORM] 2026-01-15 09:49:31 SQL: [38.721µs] CREATE TABLE `preload_profile` (`id` integer PRIMARY KEY AUTOINCREMENT, `user_id` integer, `bio` text, `created_at` datetime, `updated_at` datetime) | args: []
[JORM] 2026-01-15 09:49:31 SQL: [36.539µs] CREATE TABLE `preload_role` (`id` integer PRIMARY KEY AUTOINCREMENT, `name` text, `created_at` datetime, `updated_at` datetime) | args: []
[JORM] 2026-01-15 09:49:31 SQL: [33.76µs] CREATE TABLE `preload_user_role` (`user_id` integer, `role_id` integer) | args: []
[JORM] 2026-01-15 09:49:31 SQL: [33.909µs] CREATE TABLE `preload_order_product` (`order_id` integer, `product_id` integer) | args: []
[JORM] 2026-01-15 09:49:31 SQL: [17.71µs] INSERT INTO `preload_user` (name, email, age, created_at, updated_at) VALUES (?, ?, ?, ?, ?) | args: [Frank frank@example.com 32 2026-01-15 09:49:31.747857 +0800 CST m=+0.006187413 2026-01-15 09:49:31.747857 +0800 CST m=+0.006187413]
[JORM] 2026-01-15 09:49:31 SQL: [14.629µs] INSERT INTO `preload_order` (user_id, amount, status, created_at, updated_at) VALUES (?, ?, ?, ?, ?) | args: [1 100 pending 2026-01-15 09:49:31.747886 +0800 CST m=+0.006216363 2026-01-15 09:49:31.747886 +0800 CST m=+0.006216363]
[JORM] 2026-01-15 09:49:31 SQL: [13.656µs] INSERT INTO `preload_order` (user_id, amount, status, created_at, updated_at) VALUES (?, ?, ?, ?, ?) | args: [1 200 completed 2026-01-15 09:49:31.747909 +0800 CST m=+0.006239806 2026-01-15 09:49:31.747909 +0800 CST m=+0.006239806]
[JORM] 2026-01-15 09:49:31 SQL: [12.363µs] INSERT INTO `preload_order` (user_id, amount, status, created_at, updated_at) VALUES (?, ?, ?, ?, ?) | args: [1 300 pending 2026-01-15 09:49:31.747931 +0800 CST m=+0.006261556 2026-01-15 09:49:31.747931 +0800 CST m=+0.006261556]
[JORM] 2026-01-15 09:49:31 SQL: [11.917µs] INSERT INTO `preload_order` (user_id, amount, status, created_at, updated_at) VALUES (?, ?, ?, ?, ?) | args: [1 400 cancelled 2026-01-15 09:49:31.747951 +0800 CST m=+0.006281492 2026-01-15 09:49:31.747951 +0800 CST m=+0.006281492]
[JORM] 2026-01-15 09:49:31 SQL: [11.801µs] INSERT INTO `preload_order` (user_id, amount, status, created_at, updated_at) VALUES (?, ?, ?, ?, ?) | args: [1 500 completed 2026-01-15 09:49:31.747971 +0800 CST m=+0.006301053 2026-01-15 09:49:31.747971 +0800 CST m=+0.006301053]
[JORM] 2026-01-15 09:49:31 SQL: [8.438µs] SELECT * FROM `preload_user` | args: []
[JORM] 2026-01-15 09:49:31 SQL: [5.313µs] DELETE FROM preload_order_products | args: []
[JORM] 2026-01-15 09:49:31 SQL: [2.955µs] DELETE FROM preload_user_roles | args: []
[JORM] 2026-01-15 09:49:31 SQL: [2.549µs] DELETE FROM preload_products | args: []
[JORM] 2026-01-15 09:49:31 SQL: [2.233µs] DELETE FROM preload_orders | args: []
[JORM] 2026-01-15 09:49:31 SQL: [2.684µs] DELETE FROM preload_profiles | args: []
[JORM] 2026-01-15 09:49:31 SQL: [2.194µs] DELETE FROM preload_roles | args: []
[JORM] 2026-01-15 09:49:31 SQL: [2.057µs] DELETE FROM preload_users | args: []
--- PASS: TestPreloadWithConditions (0.00s)
=== RUN   TestPreloadMultiple
[JORM] 2026-01-15 09:49:31 SQL: [70.981µs] CREATE TABLE `preload_user` (`id` integer PRIMARY KEY AUTOINCREMENT, `name` text, `email` text, `age` integer, `created_at` datetime, `updated_at` datetime) | args: []
[JORM] 2026-01-15 09:49:31 SQL: [42.22µs] CREATE TABLE `preload_order` (`id` integer PRIMARY KEY AUTOINCREMENT, `user_id` integer, `amount` real, `status` text, `created_at` datetime, `updated_at` datetime) | args: []
[JORM] 2026-01-15 09:49:31 SQL: [39.797µs] CREATE TABLE `preload_product` (`id` integer PRIMARY KEY AUTOINCREMENT, `name` text, `price` real, `created_at` datetime, `updated_at` datetime) | args: []
[JORM] 2026-01-15 09:49:31 SQL: [38.335µs] CREATE TABLE `preload_profile` (`id` integer PRIMARY KEY AUTOINCREMENT, `user_id` integer, `bio` text, `created_at` datetime, `updated_at` datetime) | args: []
[JORM] 2026-01-15 09:49:31 SQL: [36.795µs] CREATE TABLE `preload_role` (`id` integer PRIMARY KEY AUTOINCREMENT, `name` text, `created_at` datetime, `updated_at` datetime) | args: []
[JORM] 2026-01-15 09:49:31 SQL: [34.305µs] CREATE TABLE `preload_user_role` (`user_id` integer, `role_id` integer) | args: []
[JORM] 2026-01-15 09:49:31 SQL: [34.116µs] CREATE TABLE `preload_order_product` (`order_id` integer, `product_id` integer) | args: []
[JORM] 2026-01-15 09:49:31 SQL: [16.963µs] INSERT INTO `preload_user` (name, email, age, created_at, updated_at) VALUES (?, ?, ?, ?, ?) | args: [Grace grace@example.com 29 2026-01-15 09:49:31.748745 +0800 CST m=+0.007074928 2026-01-15 09:49:31.748745 +0800 CST m=+0.007074928]
[JORM] 2026-01-15 09:49:31 SQL: [15.441µs] INSERT INTO `preload_order` (user_id, amount, status, created_at, updated_at) VALUES (?, ?, ?, ?, ?) | args: [1 100 completed 2026-01-15 09:49:31.748774 +0800 CST m=+0.007104101 2026-01-15 09:49:31.748774 +0800 CST m=+0.007104101]
[JORM] 2026-01-15 09:49:31 SQL: [13.637µs] INSERT INTO `preload_order` (user_id, amount, status, created_at, updated_at) VALUES (?, ?, ?, ?, ?) | args: [1 200 completed 2026-01-15 09:49:31.748803 +0800 CST m=+0.007133327 2026-01-15 09:49:31.748803 +0800 CST m=+0.007133327]
[JORM] 2026-01-15 09:49:31 SQL: [13.904µs] INSERT INTO `preload_profile` (user_id, bio, created_at, updated_at) VALUES (?, ?, ?, ?) | args: [1 Designer 2026-01-15 09:49:31.748828 +0800 CST m=+0.007158754 2026-01-15 09:49:31.748828 +0800 CST m=+0.007158754]
[JORM] 2026-01-15 09:49:31 SQL: [13.606µs] SELECT * FROM `preload_user` | args: []
[JORM] 2026-01-15 09:49:31 SQL: [4.919µs] DELETE FROM preload_order_products | args: []
[JORM] 2026-01-15 09:49:31 SQL: [2.98µs] DELETE FROM preload_user_roles | args: []
[JORM] 2026-01-15 09:49:31 SQL: [2.545µs] DELETE FROM preload_products | args: []
[JORM] 2026-01-15 09:49:31 SQL: [2.338µs] DELETE FROM preload_orders | args: []
[JORM] 2026-01-15 09:49:31 SQL: [2.129µs] DELETE FROM preload_profiles | args: []
[JORM] 2026-01-15 09:49:31 SQL: [2.155µs] DELETE FROM preload_roles | args: []
[JORM] 2026-01-15 09:49:31 SQL: [2.057µs] DELETE FROM preload_users | args: []
--- PASS: TestPreloadMultiple (0.00s)
=== RUN   TestPreloadEmpty
[JORM] 2026-01-15 09:49:31 SQL: [69.243µs] CREATE TABLE `preload_user` (`id` integer PRIMARY KEY AUTOINCREMENT, `name` text, `email` text, `age` integer, `created_at` datetime, `updated_at` datetime) | args: []
[JORM] 2026-01-15 09:49:31 SQL: [41.695µs] CREATE TABLE `preload_order` (`id` integer PRIMARY KEY AUTOINCREMENT, `user_id` integer, `amount` real, `status` text, `created_at` datetime, `updated_at` datetime) | args: []
[JORM] 2026-01-15 09:49:31 SQL: [39.473µs] CREATE TABLE `preload_product` (`id` integer PRIMARY KEY AUTOINCREMENT, `name` text, `price` real, `created_at` datetime, `updated_at` datetime) | args: []
[JORM] 2026-01-15 09:49:31 SQL: [38.49µs] CREATE TABLE `preload_profile` (`id` integer PRIMARY KEY AUTOINCREMENT, `user_id` integer, `bio` text, `created_at` datetime, `updated_at` datetime) | args: []
[JORM] 2026-01-15 09:49:31 SQL: [38.483µs] CREATE TABLE `preload_role` (`id` integer PRIMARY KEY AUTOINCREMENT, `name` text, `created_at` datetime, `updated_at` datetime) | args: []
[JORM] 2026-01-15 09:49:31 SQL: [34.669µs] CREATE TABLE `preload_user_role` (`user_id` integer, `role_id` integer) | args: []
[JORM] 2026-01-15 09:49:31 SQL: [34.591µs] CREATE TABLE `preload_order_product` (`order_id` integer, `product_id` integer) | args: []
[JORM] 2026-01-15 09:49:31 SQL: [7.728µs] SELECT * FROM `preload_user` | args: []
[JORM] 2026-01-15 09:49:31 SQL: [4.396µs] DELETE FROM preload_order_products | args: []
[JORM] 2026-01-15 09:49:31 SQL: [2.823µs] DELETE FROM preload_user_roles | args: []
[JORM] 2026-01-15 09:49:31 SQL: [2.512µs] DELETE FROM preload_products | args: []
[JORM] 2026-01-15 09:49:31 SQL: [2.259µs] DELETE FROM preload_orders | args: []
[JORM] 2026-01-15 09:49:31 SQL: [2.116µs] DELETE FROM preload_profiles | args: []
[JORM] 2026-01-15 09:49:31 SQL: [2.113µs] DELETE FROM preload_roles | args: []
[JORM] 2026-01-15 09:49:31 SQL: [2.111µs] DELETE FROM preload_users | args: []
--- PASS: TestPreloadEmpty (0.00s)
=== RUN   TestPreloadNonExistentRelation
[JORM] 2026-01-15 09:49:31 SQL: [65.842µs] CREATE TABLE `preload_user` (`id` integer PRIMARY KEY AUTOINCREMENT, `name` text, `email` text, `age` integer, `created_at` datetime, `updated_at` datetime) | args: []
[JORM] 2026-01-15 09:49:31 SQL: [40.414µs] CREATE TABLE `preload_order` (`id` integer PRIMARY KEY AUTOINCREMENT, `user_id` integer, `amount` real, `status` text, `created_at` datetime, `updated_at` datetime) | args: []
[JORM] 2026-01-15 09:49:31 SQL: [39.814µs] CREATE TABLE `preload_product` (`id` integer PRIMARY KEY AUTOINCREMENT, `name` text, `price` real, `created_at` datetime, `updated_at` datetime) | args: []
[JORM] 2026-01-15 09:49:31 SQL: [37.665µs] CREATE TABLE `preload_profile` (`id` integer PRIMARY KEY AUTOINCREMENT, `user_id` integer, `bio` text, `created_at` datetime, `updated_at` datetime) | args: []
[JORM] 2026-01-15 09:49:31 SQL: [36.049µs] CREATE TABLE `preload_role` (`id` integer PRIMARY KEY AUTOINCREMENT, `name` text, `created_at` datetime, `updated_at` datetime) | args: []
[JORM] 2026-01-15 09:49:31 SQL: [33.871µs] CREATE TABLE `preload_user_role` (`user_id` integer, `role_id` integer) | args: []
[JORM] 2026-01-15 09:49:31 SQL: [33.974µs] CREATE TABLE `preload_order_product` (`order_id` integer, `product_id` integer) | args: []
[JORM] 2026-01-15 09:49:31 SQL: [13.296µs] SELECT * FROM `preload_user` | args: []
[JORM] 2026-01-15 09:49:31 SQL: [4.792µs] DELETE FROM preload_order_products | args: []
[JORM] 2026-01-15 09:49:31 SQL: [2.772µs] DELETE FROM preload_user_roles | args: []
[JORM] 2026-01-15 09:49:31 SQL: [2.436µs] DELETE FROM preload_products | args: []
[JORM] 2026-01-15 09:49:31 SQL: [3.002µs] DELETE FROM preload_orders | args: []
[JORM] 2026-01-15 09:49:31 SQL: [2.258µs] DELETE FROM preload_profiles | args: []
[JORM] 2026-01-15 09:49:31 SQL: [2.152µs] DELETE FROM preload_roles | args: []
[JORM] 2026-01-15 09:49:31 SQL: [2.036µs] DELETE FROM preload_users | args: []
--- PASS: TestPreloadNonExistentRelation (0.00s)
=== RUN   TestPreloadPartialNoRelations
[JORM] 2026-01-15 09:49:31 SQL: [65.763µs] CREATE TABLE `preload_user` (`id` integer PRIMARY KEY AUTOINCREMENT, `name` text, `email` text, `age` integer, `created_at` datetime, `updated_at` datetime) | args: []
[JORM] 2026-01-15 09:49:31 SQL: [40.591µs] CREATE TABLE `preload_order` (`id` integer PRIMARY KEY AUTOINCREMENT, `user_id` integer, `amount` real, `status` text, `created_at` datetime, `updated_at` datetime) | args: []
[JORM] 2026-01-15 09:49:31 SQL: [39.706µs] CREATE TABLE `preload_product` (`id` integer PRIMARY KEY AUTOINCREMENT, `name` text, `price` real, `created_at` datetime, `updated_at` datetime) | args: []
[JORM] 2026-01-15 09:49:31 SQL: [38.59µs] CREATE TABLE `preload_profile` (`id` integer PRIMARY KEY AUTOINCREMENT, `user_id` integer, `bio` text, `created_at` datetime, `updated_at` datetime) | args: []
[JORM] 2026-01-15 09:49:31 SQL: [37.284µs] CREATE TABLE `preload_role` (`id` integer PRIMARY KEY AUTOINCREMENT, `name` text, `created_at` datetime, `updated_at` datetime) | args: []
[JORM] 2026-01-15 09:49:31 SQL: [34.484µs] CREATE TABLE `preload_user_role` (`user_id` integer, `role_id` integer) | args: []
[JORM] 2026-01-15 09:49:31 SQL: [34.065µs] CREATE TABLE `preload_order_product` (`order_id` integer, `product_id` integer) | args: []
[JORM] 2026-01-15 09:49:31 SQL: [17.326µs] INSERT INTO `preload_user` (name, email, age, created_at, updated_at) VALUES (?, ?, ?, ?, ?) | args: [Henry henry@example.com 31 2026-01-15 09:49:31.750834 +0800 CST m=+0.009163855 2026-01-15 09:49:31.750834 +0800 CST m=+0.009163855]
[JORM] 2026-01-15 09:49:31 SQL: [14.729µs] INSERT INTO `preload_user` (name, email, age, created_at, updated_at) VALUES (?, ?, ?, ?, ?) | args: [Ivy ivy@example.com 26 2026-01-15 09:49:31.75086 +0800 CST m=+0.009190541 2026-01-15 09:49:31.75086 +0800 CST m=+0.009190541]
[JORM] 2026-01-15 09:49:31 SQL: [13.284µs] INSERT INTO `preload_order` (user_id, amount, status, created_at, updated_at) VALUES (?, ?, ?, ?, ?) | args: [1 200 pending 2026-01-15 09:49:31.750886 +0800 CST m=+0.009216289 2026-01-15 09:49:31.750886 +0800 CST m=+0.009216289]
[JORM] 2026-01-15 09:49:31 SQL: [8.304µs] SELECT * FROM `preload_user` | args: []
[JORM] 2026-01-15 09:49:31 SQL: [5.244µs] DELETE FROM preload_order_products | args: []
[JORM] 2026-01-15 09:49:31 SQL: [2.939µs] DELETE FROM preload_user_roles | args: []
[JORM] 2026-01-15 09:49:31 SQL: [2.456µs] DELETE FROM preload_products | args: []
[JORM] 2026-01-15 09:49:31 SQL: [2.211µs] DELETE FROM preload_orders | args: []
[JORM] 2026-01-15 09:49:31 SQL: [2.11µs] DELETE FROM preload_profiles | args: []
[JORM] 2026-01-15 09:49:31 SQL: [2.035µs] DELETE FROM preload_roles | args: []
[JORM] 2026-01-15 09:49:31 SQL: [2.084µs] DELETE FROM preload_users | args: []
--- PASS: TestPreloadPartialNoRelations (0.00s)
=== RUN   TestJoinsInner
[JORM] 2026-01-15 09:49:31 SQL: [69.781µs] CREATE TABLE `preload_user` (`id` integer PRIMARY KEY AUTOINCREMENT, `name` text, `email` text, `age` integer, `created_at` datetime, `updated_at` datetime) | args: []
[JORM] 2026-01-15 09:49:31 SQL: [42.024µs] CREATE TABLE `preload_order` (`id` integer PRIMARY KEY AUTOINCREMENT, `user_id` integer, `amount` real, `status` text, `created_at` datetime, `updated_at` datetime) | args: []
[JORM] 2026-01-15 09:49:31 SQL: [39.809µs] CREATE TABLE `preload_product` (`id` integer PRIMARY KEY AUTOINCREMENT, `name` text, `price` real, `created_at` datetime, `updated_at` datetime) | args: []
[JORM] 2026-01-15 09:49:31 SQL: [38.536µs] CREATE TABLE `preload_profile` (`id` integer PRIMARY KEY AUTOINCREMENT, `user_id` integer, `bio` text, `created_at` datetime, `updated_at` datetime) | args: []
[JORM] 2026-01-15 09:49:31 SQL: [36.514µs] CREATE TABLE `preload_role` (`id` integer PRIMARY KEY AUTOINCREMENT, `name` text, `created_at` datetime, `updated_at` datetime) | args: []
[JORM] 2026-01-15 09:49:31 SQL: [34.214µs] CREATE TABLE `preload_user_role` (`user_id` integer, `role_id` integer) | args: []
[JORM] 2026-01-15 09:49:31 SQL: [37.446µs] CREATE TABLE `preload_order_product` (`order_id` integer, `product_id` integer) | args: []
[JORM] 2026-01-15 09:49:31 SQL: [17.166µs] INSERT INTO `preload_user` (name, email, age, created_at, updated_at) VALUES (?, ?, ?, ?, ?) | args: [Jack jack@example.com 33 2026-01-15 09:49:31.7516 +0800 CST m=+0.009930128 2026-01-15 09:49:31.7516 +0800 CST m=+0.009930128]
[JORM] 2026-01-15 09:49:31 SQL: [14.166µs] INSERT INTO `preload_order` (user_id, amount, status, created_at, updated_at) VALUES (?, ?, ?, ?, ?) | args: [1 250 completed 2026-01-15 09:49:31.751626 +0800 CST m=+0.009956688 2026-01-15 09:49:31.751626 +0800 CST m=+0.009956688]
[JORM] 2026-01-15 09:49:31 SQL: [15.337µs] SELECT preload_order.*, preload_user.name as user_name FROM `preload_order` INNER JOIN `preload_user` ON preload_user.id = preload_order.user_id | args: []
[JORM] 2026-01-15 09:49:31 SQL: [5.276µs] DELETE FROM preload_order_products | args: []
[JORM] 2026-01-15 09:49:31 SQL: [2.886µs] DELETE FROM preload_user_roles | args: []
[JORM] 2026-01-15 09:49:31 SQL: [2.439µs] DELETE FROM preload_products | args: []
[JORM] 2026-01-15 09:49:31 SQL: [2.201µs] DELETE FROM preload_orders | args: []
[JORM] 2026-01-15 09:49:31 SQL: [2.079µs] DELETE FROM preload_profiles | args: []
[JORM] 2026-01-15 09:49:31 SQL: [2.124µs] DELETE FROM preload_roles | args: []
[JORM] 2026-01-15 09:49:31 SQL: [2.07µs] DELETE FROM preload_users | args: []
--- PASS: TestJoinsInner (0.00s)
=== RUN   TestJoinsLeft
[JORM] 2026-01-15 09:49:31 SQL: [69.817µs] CREATE TABLE `preload_user` (`id` integer PRIMARY KEY AUTOINCREMENT, `name` text, `email` text, `age` integer, `created_at` datetime, `updated_at` datetime) | args: []
[JORM] 2026-01-15 09:49:31 SQL: [42.911µs] CREATE TABLE `preload_order` (`id` integer PRIMARY KEY AUTOINCREMENT, `user_id` integer, `amount` real, `status` text, `created_at` datetime, `updated_at` datetime) | args: []
[JORM] 2026-01-15 09:49:31 SQL: [39.539µs] CREATE TABLE `preload_product` (`id` integer PRIMARY KEY AUTOINCREMENT, `name` text, `price` real, `created_at` datetime, `updated_at` datetime) | args: []
[JORM] 2026-01-15 09:49:31 SQL: [38.342µs] CREATE TABLE `preload_profile` (`id` integer PRIMARY KEY AUTOINCREMENT, `user_id` integer, `bio` text, `created_at` datetime, `updated_at` datetime) | args: []
[JORM] 2026-01-15 09:49:31 SQL: [36.308µs] CREATE TABLE `preload_role` (`id` integer PRIMARY KEY AUTOINCREMENT, `name` text, `created_at` datetime, `updated_at` datetime) | args: []
[JORM] 2026-01-15 09:49:31 SQL: [34.361µs] CREATE TABLE `preload_user_role` (`user_id` integer, `role_id` integer) | args: []
[JORM] 2026-01-15 09:49:31 SQL: [35.59µs] CREATE TABLE `preload_order_product` (`order_id` integer, `product_id` integer) | args: []
[JORM] 2026-01-15 09:49:31 SQL: [17.3µs] INSERT INTO `preload_user` (name, email, age, created_at, updated_at) VALUES (?, ?, ?, ?, ?) | args: [Kate kate@example.com 24 2026-01-15 09:49:31.75234 +0800 CST m=+0.010669880 2026-01-15 09:49:31.75234 +0800 CST m=+0.010669880]
[JORM] 2026-01-15 09:49:31 SQL: [14.417µs] INSERT INTO `preload_order` (user_id, amount, status, created_at, updated_at) VALUES (?, ?, ?, ?, ?) | args: [1 180 pending 2026-01-15 09:49:31.752366 +0800 CST m=+0.010696350 2026-01-15 09:49:31.752366 +0800 CST m=+0.010696350]
[JORM] 2026-01-15 09:49:31 SQL: [14.571µs] SELECT preload_order.*, preload_user.name as user_name FROM `preload_order` LEFT JOIN `preload_user` ON preload_user.id = preload_order.user_id | args: []
[JORM] 2026-01-15 09:49:31 SQL: [4.646µs] DELETE FROM preload_order_products | args: []
[JORM] 2026-01-15 09:49:31 SQL: [2.615µs] DELETE FROM preload_user_roles | args: []
[JORM] 2026-01-15 09:49:31 SQL: [2.462µs] DELETE FROM preload_products | args: []
[JORM] 2026-01-15 09:49:31 SQL: [2.216µs] DELETE FROM preload_orders | args: []
[JORM] 2026-01-15 09:49:31 SQL: [2.13µs] DELETE FROM preload_profiles | args: []
[JORM] 2026-01-15 09:49:31 SQL: [2.108µs] DELETE FROM preload_roles | args: []
[JORM] 2026-01-15 09:49:31 SQL: [2.607µs] DELETE FROM preload_users | args: []
--- PASS: TestJoinsLeft (0.00s)
=== RUN   TestPreloadFirst
[JORM] 2026-01-15 09:49:31 SQL: [67.682µs] CREATE TABLE `preload_user` (`id` integer PRIMARY KEY AUTOINCREMENT, `name` text, `email` text, `age` integer, `created_at` datetime, `updated_at` datetime) | args: []
[JORM] 2026-01-15 09:49:31 SQL: [41.751µs] CREATE TABLE `preload_order` (`id` integer PRIMARY KEY AUTOINCREMENT, `user_id` integer, `amount` real, `status` text, `created_at` datetime, `updated_at` datetime) | args: []
[JORM] 2026-01-15 09:49:31 SQL: [38.851µs] CREATE TABLE `preload_product` (`id` integer PRIMARY KEY AUTOINCREMENT, `name` text, `price` real, `created_at` datetime, `updated_at` datetime) | args: []
[JORM] 2026-01-15 09:49:31 SQL: [37.86µs] CREATE TABLE `preload_profile` (`id` integer PRIMARY KEY AUTOINCREMENT, `user_id` integer, `bio` text, `created_at` datetime, `updated_at` datetime) | args: []
[JORM] 2026-01-15 09:49:31 SQL: [43.646µs] CREATE TABLE `preload_role` (`id` integer PRIMARY KEY AUTOINCREMENT, `name` text, `created_at` datetime, `updated_at` datetime) | args: []
[JORM] 2026-01-15 09:49:31 SQL: [34.217µs] CREATE TABLE `preload_user_role` (`user_id` integer, `role_id` integer) | args: []
[JORM] 2026-01-15 09:49:31 SQL: [34.134µs] CREATE TABLE `preload_order_product` (`order_id` integer, `product_id` integer) | args: []
[JORM] 2026-01-15 09:49:31 SQL: [17.675µs] INSERT INTO `preload_user` (name, email, age, created_at, updated_at) VALUES (?, ?, ?, ?, ?) | args: [Leo leo@example.com 30 2026-01-15 09:49:31.753032 +0800 CST m=+0.011362688 2026-01-15 09:49:31.753032 +0800 CST m=+0.011362688]
[JORM] 2026-01-15 09:49:31 SQL: [15.407µs] INSERT INTO `preload_order` (user_id, amount, status, created_at, updated_at) VALUES (?, ?, ?, ?, ?) | args: [1 300 completed 2026-01-15 09:49:31.753071 +0800 CST m=+0.011401713 2026-01-15 09:49:31.753071 +0800 CST m=+0.011401713]
[JORM] 2026-01-15 09:49:31 SQL: [9.849µs] SELECT * FROM `preload_user` WHERE (id = ?) LIMIT ? | args: [1 1]
[JORM] 2026-01-15 09:49:31 SQL: [4.987µs] DELETE FROM preload_order_products | args: []
[JORM] 2026-01-15 09:49:31 SQL: [2.892µs] DELETE FROM preload_user_roles | args: []
[JORM] 2026-01-15 09:49:31 SQL: [2.394µs] DELETE FROM preload_products | args: []
[JORM] 2026-01-15 09:49:31 SQL: [2.621µs] DELETE FROM preload_orders | args: []
[JORM] 2026-01-15 09:49:31 SQL: [2.144µs] DELETE FROM preload_profiles | args: []
[JORM] 2026-01-15 09:49:31 SQL: [2.192µs] DELETE FROM preload_roles | args: []
[JORM] 2026-01-15 09:49:31 SQL: [2.062µs] DELETE FROM preload_users | args: []
--- PASS: TestPreloadFirst (0.00s)
=== RUN   TestPreloadPerformance
[JORM] 2026-01-15 09:49:31 SQL: [68.746µs] CREATE TABLE `preload_user` (`id` integer PRIMARY KEY AUTOINCREMENT, `name` text, `email` text, `age` integer, `created_at` datetime, `updated_at` datetime) | args: []
[JORM] 2026-01-15 09:49:31 SQL: [41.344µs] CREATE TABLE `preload_order` (`id` integer PRIMARY KEY AUTOINCREMENT, `user_id` integer, `amount` real, `status` text, `created_at` datetime, `updated_at` datetime) | args: []
[JORM] 2026-01-15 09:49:31 SQL: [38.644µs] CREATE TABLE `preload_product` (`id` integer PRIMARY KEY AUTOINCREMENT, `name` text, `price` real, `created_at` datetime, `updated_at` datetime) | args: []
[JORM] 2026-01-15 09:49:31 SQL: [37.661µs] CREATE TABLE `preload_profile` (`id` integer PRIMARY KEY AUTOINCREMENT, `user_id` integer, `bio` text, `created_at` datetime, `updated_at` datetime) | args: []
[JORM] 2026-01-15 09:49:31 SQL: [36.431µs] CREATE TABLE `preload_role` (`id` integer PRIMARY KEY AUTOINCREMENT, `name` text, `created_at` datetime, `updated_at` datetime) | args: []
[JORM] 2026-01-15 09:49:31 SQL: [34.21µs] CREATE TABLE `preload_user_role` (`user_id` integer, `role_id` integer) | args: []
[JORM] 2026-01-15 09:49:31 SQL: [34.176µs] CREATE TABLE `preload_order_product` (`order_id` integer, `product_id` integer) | args: []
[JORM] 2026-01-15 09:49:31 SQL: [17.489µs] INSERT INTO `preload_user` (name, email, age, created_at, updated_at) VALUES (?, ?, ?, ?, ?) | args: [User A user0@example.com 20 2026-01-15 09:49:31.753799 +0800 CST m=+0.012129572 2026-01-15 09:49:31.753799 +0800 CST m=+0.012129572]
[JORM] 2026-01-15 09:49:31 SQL: [14.143µs] INSERT INTO `preload_order` (user_id, amount, status, created_at, updated_at) VALUES (?, ?, ?, ?, ?) | args: [1 100 completed 2026-01-15 09:49:31.753826 +0800 CST m=+0.012156308 2026-01-15 09:49:31.753826 +0800 CST m=+0.012156308]
[JORM] 2026-01-15 09:49:31 SQL: [13.386µs] INSERT INTO `preload_order` (user_id, amount, status, created_at, updated_at) VALUES (?, ?, ?, ?, ?) | args: [1 200 completed 2026-01-15 09:49:31.753848 +0800 CST m=+0.012178525 2026-01-15 09:49:31.753848 +0800 CST m=+0.012178525]
[JORM] 2026-01-15 09:49:31 SQL: [15.093µs] INSERT INTO `preload_order` (user_id, amount, status, created_at, updated_at) VALUES (?, ?, ?, ?, ?) | args: [1 300 completed 2026-01-15 09:49:31.753869 +0800 CST m=+0.012199183 2026-01-15 09:49:31.753869 +0800 CST m=+0.012199183]
[JORM] 2026-01-15 09:49:31 SQL: [11.789µs] INSERT INTO `preload_order` (user_id, amount, status, created_at, updated_at) VALUES (?, ?, ?, ?, ?) | args: [1 400 completed 2026-01-15 09:49:31.753891 +0800 CST m=+0.012221503 2026-01-15 09:49:31.753891 +0800 CST m=+0.012221503]
[JORM] 2026-01-15 09:49:31 SQL: [11.641µs] INSERT INTO `preload_order` (user_id, amount, status, created_at, updated_at) VALUES (?, ?, ?, ?, ?) | args: [1 500 completed 2026-01-15 09:49:31.753911 +0800 CST m=+0.012240835 2026-01-15 09:49:31.753911 +0800 CST m=+0.012240835]
[JORM] 2026-01-15 09:49:31 SQL: [15.079µs] INSERT INTO `preload_user` (name, email, age, created_at, updated_at) VALUES (?, ?, ?, ?, ?) | args: [User B user1@example.com 21 2026-01-15 09:49:31.753932 +0800 CST m=+0.012262167 2026-01-15 09:49:31.753932 +0800 CST m=+0.012262167]
[JORM] 2026-01-15 09:49:31 SQL: [11.928µs] INSERT INTO `preload_order` (user_id, amount, status, created_at, updated_at) VALUES (?, ?, ?, ?, ?) | args: [2 100 completed 2026-01-15 09:49:31.753954 +0800 CST m=+0.012284355 2026-01-15 09:49:31.753954 +0800 CST m=+0.012284355]
[JORM] 2026-01-15 09:49:31 SQL: [12.133µs] INSERT INTO `preload_order` (user_id, amount, status, created_at, updated_at) VALUES (?, ?, ?, ?, ?) | args: [2 200 completed 2026-01-15 09:49:31.753976 +0800 CST m=+0.012306046 2026-01-15 09:49:31.753976 +0800 CST m=+0.012306046]
[JORM] 2026-01-15 09:49:31 SQL: [11.345µs] INSERT INTO `preload_order` (user_id, amount, status, created_at, updated_at) VALUES (?, ?, ?, ?, ?) | args: [2 300 completed 2026-01-15 09:49:31.753995 +0800 CST m=+0.012325476 2026-01-15 09:49:31.753995 +0800 CST m=+0.012325476]
[JORM] 2026-01-15 09:49:31 SQL: [12.644µs] INSERT INTO `preload_order` (user_id, amount, status, created_at, updated_at) VALUES (?, ?, ?, ?, ?) | args: [2 400 completed 2026-01-15 09:49:31.754022 +0800 CST m=+0.012351782 2026-01-15 09:49:31.754022 +0800 CST m=+0.012351782]
[JORM] 2026-01-15 09:49:31 SQL: [11.484µs] INSERT INTO `preload_order` (user_id, amount, status, created_at, updated_at) VALUES (?, ?, ?, ?, ?) | args: [2 500 completed 2026-01-15 09:49:31.754042 +0800 CST m=+0.012372269 2026-01-15 09:49:31.754042 +0800 CST m=+0.012372269]
[JORM] 2026-01-15 09:49:31 SQL: [12.994µs] INSERT INTO `preload_user` (name, email, age, created_at, updated_at) VALUES (?, ?, ?, ?, ?) | args: [User C user2@example.com 22 2026-01-15 09:49:31.754061 +0800 CST m=+0.012391281 2026-01-15 09:49:31.754061 +0800 CST m=+0.012391281]
[JORM] 2026-01-15 09:49:31 SQL: [11.538µs] INSERT INTO `preload_order` (user_id, amount, status, created_at, updated_at) VALUES (?, ?, ?, ?, ?) | args: [3 100 completed 2026-01-15 09:49:31.754086 +0800 CST m=+0.012416367 2026-01-15 09:49:31.754086 +0800 CST m=+0.012416367]
[JORM] 2026-01-15 09:49:31 SQL: [12.021µs] INSERT INTO `preload_order` (user_id, amount, status, created_at, updated_at) VALUES (?, ?, ?, ?, ?) | args: [3 200 completed 2026-01-15 09:49:31.754105 +0800 CST m=+0.012435361 2026-01-15 09:49:31.754105 +0800 CST m=+0.012435361]
[JORM] 2026-01-15 09:49:31 SQL: [11.365µs] INSERT INTO `preload_order` (user_id, amount, status, created_at, updated_at) VALUES (?, ?, ?, ?, ?) | args: [3 300 completed 2026-01-15 09:49:31.754127 +0800 CST m=+0.012456890 2026-01-15 09:49:31.754127 +0800 CST m=+0.012456890]
[JORM] 2026-01-15 09:49:31 SQL: [11.354µs] INSERT INTO `preload_order` (user_id, amount, status, created_at, updated_at) VALUES (?, ?, ?, ?, ?) | args: [3 400 completed 2026-01-15 09:49:31.754145 +0800 CST m=+0.012475567 2026-01-15 09:49:31.754145 +0800 CST m=+0.012475567]
[JORM] 2026-01-15 09:49:31 SQL: [11.392µs] INSERT INTO `preload_order` (user_id, amount, status, created_at, updated_at) VALUES (?, ?, ?, ?, ?) | args: [3 500 completed 2026-01-15 09:49:31.754164 +0800 CST m=+0.012494137 2026-01-15 09:49:31.754164 +0800 CST m=+0.012494137]
[JORM] 2026-01-15 09:49:31 SQL: [17.999µs] INSERT INTO `preload_user` (name, email, age, created_at, updated_at) VALUES (?, ?, ?, ?, ?) | args: [User D user3@example.com 23 2026-01-15 09:49:31.754183 +0800 CST m=+0.012513139 2026-01-15 09:49:31.754183 +0800 CST m=+0.012513139]
[JORM] 2026-01-15 09:49:31 SQL: [12.871µs] INSERT INTO `preload_order` (user_id, amount, status, created_at, updated_at) VALUES (?, ?, ?, ?, ?) | args: [4 100 completed 2026-01-15 09:49:31.754208 +0800 CST m=+0.012538652 2026-01-15 09:49:31.754208 +0800 CST m=+0.012538652]
[JORM] 2026-01-15 09:49:31 SQL: [11.615µs] INSERT INTO `preload_order` (user_id, amount, status, created_at, updated_at) VALUES (?, ?, ?, ?, ?) | args: [4 200 completed 2026-01-15 09:49:31.754243 +0800 CST m=+0.012573761 2026-01-15 09:49:31.754243 +0800 CST m=+0.012573761]
[JORM] 2026-01-15 09:49:31 SQL: [11.428µs] INSERT INTO `preload_order` (user_id, amount, status, created_at, updated_at) VALUES (?, ?, ?, ?, ?) | args: [4 300 completed 2026-01-15 09:49:31.754262 +0800 CST m=+0.012592630 2026-01-15 09:49:31.754262 +0800 CST m=+0.012592630]
[JORM] 2026-01-15 09:49:31 SQL: [11.189µs] INSERT INTO `preload_order` (user_id, amount, status, created_at, updated_at) VALUES (?, ?, ?, ?, ?) | args: [4 400 completed 2026-01-15 09:49:31.754281 +0800 CST m=+0.012610968 2026-01-15 09:49:31.754281 +0800 CST m=+0.012610968]
[JORM] 2026-01-15 09:49:31 SQL: [12.414µs] INSERT INTO `preload_order` (user_id, amount, status, created_at, updated_at) VALUES (?, ?, ?, ?, ?) | args: [4 500 completed 2026-01-15 09:49:31.754303 +0800 CST m=+0.012632837 2026-01-15 09:49:31.754303 +0800 CST m=+0.012632837]
[JORM] 2026-01-15 09:49:31 SQL: [11.664µs] INSERT INTO `preload_user` (name, email, age, created_at, updated_at) VALUES (?, ?, ?, ?, ?) | args: [User E user4@example.com 24 2026-01-15 09:49:31.754322 +0800 CST m=+0.012652413 2026-01-15 09:49:31.754322 +0800 CST m=+0.012652413]
[JORM] 2026-01-15 09:49:31 SQL: [11.428µs] INSERT INTO `preload_order` (user_id, amount, status, created_at, updated_at) VALUES (?, ?, ?, ?, ?) | args: [5 100 completed 2026-01-15 09:49:31.754341 +0800 CST m=+0.012671140 2026-01-15 09:49:31.754341 +0800 CST m=+0.012671140]
[JORM] 2026-01-15 09:49:31 SQL: [12.313µs] INSERT INTO `preload_order` (user_id, amount, status, created_at, updated_at) VALUES (?, ?, ?, ?, ?) | args: [5 200 completed 2026-01-15 09:49:31.754362 +0800 CST m=+0.012692510 2026-01-15 09:49:31.754362 +0800 CST m=+0.012692510]
[JORM] 2026-01-15 09:49:31 SQL: [12.213µs] INSERT INTO `preload_order` (user_id, amount, status, created_at, updated_at) VALUES (?, ?, ?, ?, ?) | args: [5 300 completed 2026-01-15 09:49:31.754391 +0800 CST m=+0.012721518 2026-01-15 09:49:31.754391 +0800 CST m=+0.012721518]
[JORM] 2026-01-15 09:49:31 SQL: [11.439µs] INSERT INTO `preload_order` (user_id, amount, status, created_at, updated_at) VALUES (?, ?, ?, ?, ?) | args: [5 400 completed 2026-01-15 09:49:31.754411 +0800 CST m=+0.012741147 2026-01-15 09:49:31.754411 +0800 CST m=+0.012741147]
[JORM] 2026-01-15 09:49:31 SQL: [12.369µs] INSERT INTO `preload_order` (user_id, amount, status, created_at, updated_at) VALUES (?, ?, ?, ?, ?) | args: [5 500 completed 2026-01-15 09:49:31.754434 +0800 CST m=+0.012764444 2026-01-15 09:49:31.754434 +0800 CST m=+0.012764444]
[JORM] 2026-01-15 09:49:31 SQL: [11.536µs] INSERT INTO `preload_user` (name, email, age, created_at, updated_at) VALUES (?, ?, ?, ?, ?) | args: [User F user5@example.com 25 2026-01-15 09:49:31.754454 +0800 CST m=+0.012783910 2026-01-15 09:49:31.754454 +0800 CST m=+0.012783910]
[JORM] 2026-01-15 09:49:31 SQL: [11.414µs] INSERT INTO `preload_order` (user_id, amount, status, created_at, updated_at) VALUES (?, ?, ?, ?, ?) | args: [6 100 completed 2026-01-15 09:49:31.754472 +0800 CST m=+0.012802668 2026-01-15 09:49:31.754472 +0800 CST m=+0.012802668]
[JORM] 2026-01-15 09:49:31 SQL: [11.358µs] INSERT INTO `preload_order` (user_id, amount, status, created_at, updated_at) VALUES (?, ?, ?, ?, ?) | args: [6 200 completed 2026-01-15 09:49:31.754491 +0800 CST m=+0.012821326 2026-01-15 09:49:31.754491 +0800 CST m=+0.012821326]
[JORM] 2026-01-15 09:49:31 SQL: [11.441µs] INSERT INTO `preload_order` (user_id, amount, status, created_at, updated_at) VALUES (?, ?, ?, ?, ?) | args: [6 300 completed 2026-01-15 09:49:31.75451 +0800 CST m=+0.012839934 2026-01-15 09:49:31.75451 +0800 CST m=+0.012839934]
[JORM] 2026-01-15 09:49:31 SQL: [11.321µs] INSERT INTO `preload_order` (user_id, amount, status, created_at, updated_at) VALUES (?, ?, ?, ?, ?) | args: [6 400 completed 2026-01-15 09:49:31.754528 +0800 CST m=+0.012858683 2026-01-15 09:49:31.754528 +0800 CST m=+0.012858683]
[JORM] 2026-01-15 09:49:31 SQL: [15.392µs] INSERT INTO `preload_order` (user_id, amount, status, created_at, updated_at) VALUES (?, ?, ?, ?, ?) | args: [6 500 completed 2026-01-15 09:49:31.754547 +0800 CST m=+0.012877169 2026-01-15 09:49:31.754547 +0800 CST m=+0.012877169]
[JORM] 2026-01-15 09:49:31 SQL: [11.841µs] INSERT INTO `preload_user` (name, email, age, created_at, updated_at) VALUES (?, ?, ?, ?, ?) | args: [User G user6@example.com 26 2026-01-15 09:49:31.754569 +0800 CST m=+0.012899560 2026-01-15 09:49:31.754569 +0800 CST m=+0.012899560]
[JORM] 2026-01-15 09:49:31 SQL: [18.664µs] INSERT INTO `preload_order` (user_id, amount, status, created_at, updated_at) VALUES (?, ?, ?, ?, ?) | args: [7 100 completed 2026-01-15 09:49:31.754588 +0800 CST m=+0.012918487 2026-01-15 09:49:31.754588 +0800 CST m=+0.012918487]
[JORM] 2026-01-15 09:49:31 SQL: [15.823µs] INSERT INTO `preload_order` (user_id, amount, status, created_at, updated_at) VALUES (?, ?, ?, ?, ?) | args: [7 200 completed 2026-01-15 09:49:31.754615 +0800 CST m=+0.012944878 2026-01-15 09:49:31.754615 +0800 CST m=+0.012944878]
[JORM] 2026-01-15 09:49:31 SQL: [11.745µs] INSERT INTO `preload_order` (user_id, amount, status, created_at, updated_at) VALUES (?, ?, ?, ?, ?) | args: [7 300 completed 2026-01-15 09:49:31.754637 +0800 CST m=+0.012967634 2026-01-15 09:49:31.754637 +0800 CST m=+0.012967634]
[JORM] 2026-01-15 09:49:31 SQL: [12.213µs] INSERT INTO `preload_order` (user_id, amount, status, created_at, updated_at) VALUES (?, ?, ?, ?, ?) | args: [7 400 completed 2026-01-15 09:49:31.754661 +0800 CST m=+0.012991082 2026-01-15 09:49:31.754661 +0800 CST m=+0.012991082]
[JORM] 2026-01-15 09:49:31 SQL: [11.199µs] INSERT INTO `preload_order` (user_id, amount, status, created_at, updated_at) VALUES (?, ?, ?, ?, ?) | args: [7 500 completed 2026-01-15 09:49:31.754682 +0800 CST m=+0.013012736 2026-01-15 09:49:31.754682 +0800 CST m=+0.013012736]
[JORM] 2026-01-15 09:49:31 SQL: [11.656µs] INSERT INTO `preload_user` (name, email, age, created_at, updated_at) VALUES (?, ?, ?, ?, ?) | args: [User H user7@example.com 27 2026-01-15 09:49:31.754701 +0800 CST m=+0.013031330 2026-01-15 09:49:31.754701 +0800 CST m=+0.013031330]
[JORM] 2026-01-15 09:49:31 SQL: [12.049µs] INSERT INTO `preload_order` (user_id, amount, status, created_at, updated_at) VALUES (?, ?, ?, ?, ?) | args: [8 100 completed 2026-01-15 09:49:31.754723 +0800 CST m=+0.013052990 2026-01-15 09:49:31.754723 +0800 CST m=+0.013052990]
[JORM] 2026-01-15 09:49:31 SQL: [12.347µs] INSERT INTO `preload_order` (user_id, amount, status, created_at, updated_at) VALUES (?, ?, ?, ?, ?) | args: [8 200 completed 2026-01-15 09:49:31.754742 +0800 CST m=+0.013072493 2026-01-15 09:49:31.754742 +0800 CST m=+0.013072493]
[JORM] 2026-01-15 09:49:31 SQL: [12.134µs] INSERT INTO `preload_order` (user_id, amount, status, created_at, updated_at) VALUES (?, ?, ?, ?, ?) | args: [8 300 completed 2026-01-15 09:49:31.754765 +0800 CST m=+0.013094954 2026-01-15 09:49:31.754765 +0800 CST m=+0.013094954]
[JORM] 2026-01-15 09:49:31 SQL: [11.325µs] INSERT INTO `preload_order` (user_id, amount, status, created_at, updated_at) VALUES (?, ?, ?, ?, ?) | args: [8 400 completed 2026-01-15 09:49:31.754789 +0800 CST m=+0.013118955 2026-01-15 09:49:31.754789 +0800 CST m=+0.013118955]
[JORM] 2026-01-15 09:49:31 SQL: [11.471µs] INSERT INTO `preload_order` (user_id, amount, status, created_at, updated_at) VALUES (?, ?, ?, ?, ?) | args: [8 500 completed 2026-01-15 09:49:31.754807 +0800 CST m=+0.013137487 2026-01-15 09:49:31.754807 +0800 CST m=+0.013137487]
[JORM] 2026-01-15 09:49:31 SQL: [11.639µs] INSERT INTO `preload_user` (name, email, age, created_at, updated_at) VALUES (?, ?, ?, ?, ?) | args: [User I user8@example.com 28 2026-01-15 09:49:31.754826 +0800 CST m=+0.013156295 2026-01-15 09:49:31.754826 +0800 CST m=+0.013156295]
[JORM] 2026-01-15 09:49:31 SQL: [11.439µs] INSERT INTO `preload_order` (user_id, amount, status, created_at, updated_at) VALUES (?, ?, ?, ?, ?) | args: [9 100 completed 2026-01-15 09:49:31.754845 +0800 CST m=+0.013175017 2026-01-15 09:49:31.754845 +0800 CST m=+0.013175017]
[JORM] 2026-01-15 09:49:31 SQL: [11.407µs] INSERT INTO `preload_order` (user_id, amount, status, created_at, updated_at) VALUES (?, ?, ?, ?, ?) | args: [9 200 completed 2026-01-15 09:49:31.754863 +0800 CST m=+0.013193650 2026-01-15 09:49:31.754863 +0800 CST m=+0.013193650]
[JORM] 2026-01-15 09:49:31 SQL: [11.315µs] INSERT INTO `preload_order` (user_id, amount, status, created_at, updated_at) VALUES (?, ?, ?, ?, ?) | args: [9 300 completed 2026-01-15 09:49:31.754882 +0800 CST m=+0.013212209 2026-01-15 09:49:31.754882 +0800 CST m=+0.013212209]
[JORM] 2026-01-15 09:49:31 SQL: [11.297µs] INSERT INTO `preload_order` (user_id, amount, status, created_at, updated_at) VALUES (?, ?, ?, ?, ?) | args: [9 400 completed 2026-01-15 09:49:31.7549 +0800 CST m=+0.013230330 2026-01-15 09:49:31.7549 +0800 CST m=+0.013230330]
[JORM] 2026-01-15 09:49:31 SQL: [11.409µs] INSERT INTO `preload_order` (user_id, amount, status, created_at, updated_at) VALUES (?, ?, ?, ?, ?) | args: [9 500 completed 2026-01-15 09:49:31.754918 +0800 CST m=+0.013248698 2026-01-15 09:49:31.754918 +0800 CST m=+0.013248698]
[JORM] 2026-01-15 09:49:31 SQL: [12.521µs] INSERT INTO `preload_user` (name, email, age, created_at, updated_at) VALUES (?, ?, ?, ?, ?) | args: [User J user9@example.com 29 2026-01-15 09:49:31.754942 +0800 CST m=+0.013272044 2026-01-15 09:49:31.754942 +0800 CST m=+0.013272044]
[JORM] 2026-01-15 09:49:31 SQL: [11.29µs] INSERT INTO `preload_order` (user_id, amount, status, created_at, updated_at) VALUES (?, ?, ?, ?, ?) | args: [10 100 completed 2026-01-15 09:49:31.754961 +0800 CST m=+0.013291152 2026-01-15 09:49:31.754961 +0800 CST m=+0.013291152]
[JORM] 2026-01-15 09:49:31 SQL: [16.965µs] INSERT INTO `preload_order` (user_id, amount, status, created_at, updated_at) VALUES (?, ?, ?, ?, ?) | args: [10 200 completed 2026-01-15 09:49:31.75498 +0800 CST m=+0.013309954 2026-01-15 09:49:31.75498 +0800 CST m=+0.013309954]
[JORM] 2026-01-15 09:49:31 SQL: [25.024µs] INSERT INTO `preload_order` (user_id, amount, status, created_at, updated_at) VALUES (?, ?, ?, ?, ?) | args: [10 300 completed 2026-01-15 09:49:31.755007 +0800 CST m=+0.013337442 2026-01-15 09:49:31.755007 +0800 CST m=+0.013337442]
[JORM] 2026-01-15 09:49:31 SQL: [12.568µs] INSERT INTO `preload_order` (user_id, amount, status, created_at, updated_at) VALUES (?, ?, ?, ?, ?) | args: [10 400 completed 2026-01-15 09:49:31.75504 +0800 CST m=+0.013370499 2026-01-15 09:49:31.75504 +0800 CST m=+0.013370499]
[JORM] 2026-01-15 09:49:31 SQL: [11.629µs] INSERT INTO `preload_order` (user_id, amount, status, created_at, updated_at) VALUES (?, ?, ?, ?, ?) | args: [10 500 completed 2026-01-15 09:49:31.75506 +0800 CST m=+0.013390449 2026-01-15 09:49:31.75506 +0800 CST m=+0.013390449]
[JORM] 2026-01-15 09:49:31 SQL: [8.739µs] SELECT * FROM `preload_user` | args: []
[JORM] 2026-01-15 09:49:31 SQL: [5.673µs] DELETE FROM preload_order_products | args: []
[JORM] 2026-01-15 09:49:31 SQL: [3.046µs] DELETE FROM preload_user_roles | args: []
[JORM] 2026-01-15 09:49:31 SQL: [2.525µs] DELETE FROM preload_products | args: []
[JORM] 2026-01-15 09:49:31 SQL: [2.207µs] DELETE FROM preload_orders | args: []
[JORM] 2026-01-15 09:49:31 SQL: [2.065µs] DELETE FROM preload_profiles | args: []
[JORM] 2026-01-15 09:49:31 SQL: [2.083µs] DELETE FROM preload_roles | args: []
[JORM] 2026-01-15 09:49:31 SQL: [2.097µs] DELETE FROM preload_users | args: []
--- PASS: TestPreloadPerformance (0.00s)
FAIL
FAIL	command-line-arguments	0.020s
FAIL
